[form.jotform.com/232821168313451.html]
[backblue.gif]
[fade.gif]
[index.html]
[files.jotform.com/jufs/rafibit0791/form_files/DTMQA.6524e3bda5c8e5.6795341027c9.png]
[cdn.jotfor.ms/assets/img/favicons/favicon-2021-light@2x.png]
[cdn.jotfor.ms/favicon-2021-light@2x.png]
[cdn.jotfor.ms/favicon-2021-dark@2x.png]
[cdn01.jotfor.ms/themes/CSS/form-commonaa20.css]
[cdn02.jotfor.ms/themes/CSS/defaultV2aa20.css]
[cdn03.jotfor.ms/themes/CSS/548b1325700cc48d318b45677db9.css]
[cdn01.jotfor.ms/css/styles/payment/payment_styles0fdb.css]
[cdn02.jotfor.ms/css/styles/payment/payment_feature0fdb.css]
[cdn03.jotfor.ms/stylebuilder/donationBoxb5cf.css]
[cdn01.jotfor.ms/static/prototype.forms0fdb.js]
[cdn02.jotfor.ms/static/jotform.forms0fdb.js]
[cdn03.jotfor.ms/js/punycode-1.4.1.min.js]
[cdn01.jotfor.ms/js/vendor/jquery-1.8.0.minb5cf.js]
[cdn02.jotfor.ms/js/vendor/maskedinput.minb5cf.js]
[cdn03.jotfor.ms/js/vendor/jquery.maskedinput.minb5cf.js]
[cdn01.jotfor.ms/js/vendor/imageinfob5cf.js]
[cdn02.jotfor.ms/file-uploader/fileuploaderb5cf.js]
[cdn03.jotfor.ms/js/payments/validategatewaysb5cf.js]
[cdn01.jotfor.ms/s/umd/3be9e346e02/for-form-branding-footerb5cf.js]
[cdn.jotfor.ms/js/vendor/smoothscroll.minb5cf.js]
[form.jotform.com/232821168313451.html]
[cdn.jotfor.ms/favicon-2021-light@2x.html]
[cdn.jotfor.ms/favicon-2021-dark@2x.html]
[cdn01.jotfor.ms/themes/CSS/form-commonaa20.css]
[cdn02.jotfor.ms/themes/CSS/defaultV2aa20.css]
[cdn03.jotfor.ms/themes/CSS/548b1325700cc48d318b45677db9.css]
[cdn.jotfor.ms/js/errorNavigationb5cf.js]
[cdn.jotfor.ms/images/exclamation-octagon.png]
[cdn.jotfor.ms/assets/img/payments/product_delete.png]
[cdn.jotfor.ms/assets/img/payments/product_settings.png]
[cdn.jotfor.ms/assets/img/payments/product_drag.png]
[cdn01.jotfor.ms/css/styles/payment/payment_styles0fdb.css]
[cdn.jotfor.ms/assets/img/builder/search_icon.png]
[cdn.jotfor.ms/assets/img/payments/sort_icon.png]
[cdn02.jotfor.ms/css/styles/payment/payment_feature0fdb.css]
[cdn03.jotfor.ms/stylebuilder/donationBoxb5cf.css]
[cdn01.jotfor.ms/static/prototype.forms0fdb.js]
[form.jotform.com/AppleWebKit/index.html]
[form.jotform.com/submit.20.delayed]
[form.jotform.com/server.21.delayed]
[cdn.jotfor.ms/assets/img/uncategorized/hipaa-badge-compliance.png]
[form.jotform.com/Trident/index.html]
[form.jotform.com/edit/index.html]
[cdn.jotfor.ms/assets/img/uncategorized/encrypted-form-badge.png]
[form.jotform.com/index.html]
[www.jotform.com/jfFormFooter/assets/js/main.min0c2f.js]
[form.jotform.com/js/vendor/json2.27.delayed]
[cdn.jotfor.ms/js/vendor/json2.js]
[form.jotform.com/frm.29.delayed]
[form.jotform.com/this.2a.delayed]
[form.jotform.com/POST.2b.delayed]
[form.jotform.com/API.2c.delayed]
[form.jotform.com/index.2d.delayed]
[form.jotform.com/datepicker.2e.delayed]
[form.jotform.com/safari/index.html]
[form.jotform.com/checkUrlValue.2f.delayed]
[form.jotform.com/mobile.responsive.min.30.delayed]
[cdn.jotfor.ms/mobile.responsive.min.css]
[widgets.jotform.io/mobileResponsive/mobile.responsive.min.css]
[form.jotform.com/china.jotfor.33.delayed]
[cdn.jotfor.ms/js/form-testerbb43.js]
[form.jotform.com/noImage-placeholder.35.delayed]
[cdn02.jotfor.ms/static/jotform.forms0fdb.js]
[cdn03.jotfor.ms/js/punycode-1.4.1.min.js]
[cdn01.jotfor.ms/js/vendor/jquery-1.8.0.minb5cf.js]
[cdn02.jotfor.ms/js/vendor/maskedinput.minb5cf.js]
[cdn03.jotfor.ms/js/vendor/jquery.maskedinput.minb5cf.js]
[cdn01.jotfor.ms/js/vendor/imageinfob5cf.js]
[cdn02.jotfor.ms/file-uploader/fileuploaderb5cf.js]
[cdn03.jotfor.ms/js/payments/validategatewaysb5cf.js]
[cdn.jotfor.ms/js/vendor/smoothscroll.minb5cf.js]
[cdn.jotfor.ms/js/errorNavigationb5cf.js]
[form.jotform.com/AppleWebKit/index.html]
[form.jotform.com/Trident/index.html]
[form.jotform.com/edit/index.html]
[form.jotform.com/index.html]
[cdn.jotfor.ms/js/vendor/json2.js]
[form.jotform.com/safari/index.html]
[cdn.jotfor.ms/mobile.responsive.min.html]
[widgets.jotform.io/mobileResponsive/mobile.responsive.min.css]
[cdn.jotfor.ms/js/form-testerbb43.js]
